C51 COMPILER V9.54   AT24C02                                                               01/13/2020 15:12:59 PAGE 1   


C51 COMPILER V9.54, COMPILATION OF MODULE AT24C02
OBJECT MODULE PLACED IN .\Objects\at24c02.obj
COMPILER INVOKED BY: D:\keil_v5\C51\BIN\C51.EXE at24c02.c OPTIMIZE(8,SPEED) BROWSE DEBUG OBJECTEXTEND PRINT(.\Listings\a
                    -t24c02.lst) TABS(2) OBJECT(.\Objects\at24c02.obj)

line level    source

   1          #include "at24c02.h"
   2          #include "config.h"
   3          
   4          sbit SCL=P3^7;
   5          sbit SDA=P3^6;
   6          
   7          
   8          /*******************************************************************************
   9          * 函数名         : Delay10us()
  10          * 函数功能       : 延时10us
  11          * 输入           : 无
  12          * 输出           : 无
  13          *******************************************************************************/
  14          
  15          void Delay10us()
  16          {
  17   1        unsigned char a,b;
  18   1        for(b=1;b>0;b--)
  19   1          for(a=2;a>0;a--);
  20   1      
  21   1      }
  22          /*******************************************************************************
  23          * 函数名         : I2cStart()
  24          * 函数功能     : 起始信号：在SCL时钟信号在高电平期间SDA信号产生一个下降沿
  25          * 输入           : 无
  26          * 输出           : 无
  27          * 备注           : 起始之后SDA和SCL都为0
  28          *******************************************************************************/
  29          
  30          void I2cStart()
  31          {
  32   1        SDA=1;
  33   1        Delay10us();
  34   1        SCL=1;
  35   1        Delay10us();//建立时间是SDA保持时间>4.7us
  36   1        SDA=0;
  37   1        Delay10us();//保持时间是>4us
  38   1        SCL=0;      
  39   1        Delay10us();    
  40   1      }
  41          /*******************************************************************************
  42          * 函数名         : I2cStop()
  43          * 函数功能     : 终止信号：在SCL时钟信号高电平期间SDA信号产生一个上升沿
  44          * 输入           : 无
  45          * 输出           : 无
  46          * 备注           : 结束之后保持SDA和SCL都为1；表示总线空闲
  47          *******************************************************************************/
  48          
  49          void I2cStop()
  50          {
  51   1        SDA=0;
  52   1        Delay10us();
  53   1        SCL=1;
  54   1        Delay10us();//建立时间大于4.7us
C51 COMPILER V9.54   AT24C02                                                               01/13/2020 15:12:59 PAGE 2   

  55   1        SDA=1;
  56   1        Delay10us();    
  57   1      }
  58          /*******************************************************************************
  59          * 函数名         : I2cSendByte(unsigned char dat)
  60          * 函数功能     : 通过I2C发送一个字节。在SCL时钟信号高电平期间，保持发送信号SDA保持稳定
  61          * 输入           : num
  62          * 输出           : 0或1。发送成功返回1，发送失败返回0
  63          * 备注           : 发送完一个字节SCL=0,SDA=1
  64          *******************************************************************************/
  65          
  66          unsigned char I2cSendByte(unsigned char dat)
  67          {
  68   1        unsigned char a=0,b=0;//最大255，一个机器周期为1us，最大延时255us。   
  69   1        for(a=0;a<8;a++)//要发送8位，从最高位开始
  70   1        {
  71   2          SDA=dat>>7;  //起始信号之后SCL=0，所以可以直接改变SDA信号
  72   2          dat=dat<<1;
  73   2          Delay10us();
  74   2          SCL=1;
  75   2          Delay10us();//建立时间>4.7us
  76   2          SCL=0;
  77   2          Delay10us();//时间大于4us   
  78   2        }
  79   1        SDA=1;
  80   1        Delay10us();
  81   1        SCL=1;
  82   1        while(SDA)//等待应答，也就是等待从设备把SDA拉低
  83   1        {
  84   2          b++;
  85   2          if(b>200)  //如果超过2000us没有应答发送失败，或者为非应答，表示接收结束
  86   2          {
  87   3            SCL=0;
  88   3            Delay10us();
  89   3            return 0;
  90   3          }
  91   2        }
  92   1        SCL=0;
  93   1        Delay10us();
  94   1        return 1;   
  95   1      }
  96          /*******************************************************************************
  97          * 函数名         : I2cReadByte()
  98          * 函数功能       : 使用I2c读取一个字节
  99          * 输入           : 无
 100          * 输出           : dat
 101          * 备注           : 接收完一个字节SCL=0,SDA=1.
 102          *******************************************************************************/
 103          
 104          unsigned char I2cReadByte()
 105          {
 106   1        unsigned char a=0,dat=0;
 107   1        SDA=1;      //起始和发送一个字节之后SCL都是0
 108   1        Delay10us();
 109   1        for(a=0;a<8;a++)//接收8个字节
 110   1        {
 111   2          SCL=1;
 112   2          Delay10us();
 113   2          dat<<=1;
 114   2          dat|=SDA;
 115   2          Delay10us();
 116   2          SCL=0;
C51 COMPILER V9.54   AT24C02                                                               01/13/2020 15:12:59 PAGE 3   

 117   2          Delay10us();
 118   2        }
 119   1        return dat;   
 120   1      }
 121          
 122          
 123          /*******************************************************************************
 124          * 函数名         : void At24c02Write(unsigned char addr,unsigned char dat)
 125          * 函数功能       : 往24c02的一个地址写入一个数据
 126          * 输入           : 无
 127          * 输出           : 无
 128          *******************************************************************************/
 129          
 130          void At24c02Write(unsigned char addr,unsigned char dat)
 131          {
 132   1        I2cStart();
 133   1        I2cSendByte(0xa0);//发送写器件地址
 134   1        I2cSendByte(addr);//发送要写入内存地址
 135   1        I2cSendByte(dat); //发送数据
 136   1        I2cStop();
 137   1      }
 138          /*******************************************************************************
 139          * 函数名         : unsigned char At24c02Read(unsigned char addr)
 140          * 函数功能       : 读取24c02的一个地址的一个数据
 141          * 输入           : 无
 142          * 输出           : 无
 143          *******************************************************************************/
 144          
 145          unsigned char At24c02Read(unsigned char addr)
 146          {
 147   1        unsigned char num;
 148   1        I2cStart();
 149   1        I2cSendByte(0xa0); //发送写器件地址
 150   1        I2cSendByte(addr); //发送要读取的地址
 151   1        I2cStart();
 152   1        I2cSendByte(0xa1); //发送读器件地址
 153   1        num=I2cReadByte(); //读取数据
 154   1        I2cStop();
 155   1        return num; 
 156   1      }
 157          


MODULE INFORMATION:   STATIC OVERLAYABLE
   CODE SIZE        =    201    ----
   CONSTANT SIZE    =   ----    ----
   XDATA SIZE       =   ----    ----
   PDATA SIZE       =   ----    ----
   DATA SIZE        =   ----    ----
   IDATA SIZE       =   ----    ----
   BIT SIZE         =   ----    ----
END OF MODULE INFORMATION.


C51 COMPILATION COMPLETE.  0 WARNING(S),  0 ERROR(S)
